22:56 === ram_ab start (n 7, depth 24000)
22:57 arm b12-default (): health=1; kv     tiered: cells 0..128000 in VRAM, 128000..262144 in system RAM (VRAM margin 1000 MiB); shared CUDA pool on (BONSAI_SHARED_POOL=0 turns it off); packed KQ mask (240 MiB saved) ckpt   also every 8
{"tag": "b12-default", "i": 0, "t0": "22:57:17", "status": 200, "prompt_n": 26625, "predicted_n": 839, "finish": "stop", "wall_s": 34.5}
{"tag": "b12-default", "i": 1, "t0": "22:57:51", "status": 200, "prompt_n": 26568, "predicted_n": 2980, "finish": "stop", "wall_s": 64.4}
{"tag": "b12-default", "i": 2, "t0": "22:58:56", "status": 200, "prompt_n": 26514, "predicted_n": 3237, "finish": "stop", "wall_s": 66.7}
{"tag": "b12-default", "i": 3, "t0": "23:00:02", "status": 200, "prompt_n": 26504, "predicted_n": 2468, "finish": "stop", "wall_s": 57.6}
{"tag": "b12-default", "i": 4, "t0": "23:01:00", "status": 200, "prompt_n": 26504, "predicted_n": 2522, "finish": "stop", "wall_s": 56.7}
{"tag": "b12-default", "i": 5, "t0": "23:01:57", "status": 200, "prompt_n": 26504, "predicted_n": 2822, "finish": "stop", "wall_s": 63.1}
{"tag": "b12-default", "i": 6, "t0": "23:03:00", "status": 200, "prompt_n": 26504, "predicted_n": 3886, "finish": "stop", "wall_s": 75.5}
  samples 416: server private start 0 MiB, peak 21724 MiB; system commit start 15.61, peak 41.45 GiB (+25.84)
23:04 arm b12-caps (LLAMA_ARG_CTX_CHECKPOINTS=8 LLAMA_ARG_CACHE_RAM=1024): health=1; kv     tiered: cells 0..128000 in VRAM, 128000..262144 in system RAM (VRAM margin 1000 MiB); shared CUDA pool on (BONSAI_SHARED_POOL=0 turns it off); packed KQ mask (240 MiB saved) ckpt   also every 8
{"tag": "b12-caps", "i": 0, "t0": "23:04:46", "status": 200, "prompt_n": 26625, "predicted_n": 2410, "finish": "stop", "wall_s": 56.1}
{"tag": "b12-caps", "i": 1, "t0": "23:05:42", "status": 200, "prompt_n": 26568, "predicted_n": 7138, "finish": "stop", "wall_s": 116.5}
{"tag": "b12-caps", "i": 2, "t0": "23:07:38", "status": 200, "prompt_n": 26514, "predicted_n": 3939, "finish": "stop", "wall_s": 76.9}
{"tag": "b12-caps", "i": 3, "t0": "23:08:55", "status": 200, "prompt_n": 26504, "predicted_n": 5209, "finish": "stop", "wall_s": 91.8}
{"tag": "b12-caps", "i": 4, "t0": "23:10:27", "status": 200, "prompt_n": 26504, "predicted_n": 699, "finish": "stop", "wall_s": 32.4}
{"tag": "b12-caps", "i": 5, "t0": "23:11:00", "status": 200, "prompt_n": 26504, "predicted_n": 4193, "finish": "stop", "wall_s": 78.9}
{"tag": "b12-caps", "i": 6, "t0": "23:12:18", "status": 200, "prompt_n": 26504, "predicted_n": 2772, "finish": "stop", "wall_s": 60.4}
  samples 507: server private start 0 MiB, peak 15124 MiB; system commit start 15.40, peak 35.04 GiB (+19.64)
23:13 arm mirai-default (): health=1; kv     tiered: cells 0..57600 in VRAM, 57600..262144 in system RAM (VRAM margin 800 MiB) ckpt   also every 8192 tokens inside long messages (MIRAI_CKPT_EVERY=0 turns it off) 
{"tag": "mirai-default", "i": 0, "t0": "23:13:56", "status": 200, "prompt_n": 26625, "predicted_n": 1006, "finish": "stop", "wall_s": 39.5}
{"tag": "mirai-default", "i": 1, "t0": "23:14:35", "status": 200, "prompt_n": 26568, "predicted_n": 698, "finish": "stop", "wall_s": 34.9}
{"tag": "mirai-default", "i": 2, "t0": "23:15:10", "status": 200, "prompt_n": 26514, "predicted_n": 608, "finish": "stop", "wall_s": 33.8}
{"tag": "mirai-default", "i": 3, "t0": "23:15:44", "status": 200, "prompt_n": 26504, "predicted_n": 863, "finish": "stop", "wall_s": 38.1}
{"tag": "mirai-default", "i": 4, "t0": "23:16:22", "status": 200, "prompt_n": 26504, "predicted_n": 690, "finish": "stop", "wall_s": 34.8}
{"tag": "mirai-default", "i": 5, "t0": "23:16:57", "status": 200, "prompt_n": 26504, "predicted_n": 951, "finish": "stop", "wall_s": 38.2}
{"tag": "mirai-default", "i": 6, "t0": "23:17:35", "status": 200, "prompt_n": 26504, "predicted_n": 744, "finish": "stop", "wall_s": 35.9}
  samples 266: server private start 0 MiB, peak 22073 MiB; system commit start 15.36, peak 43.75 GiB (+28.39)
23:18 === ram_ab finished
23:58 === ram_ab (Mirai launcher RAM rule) start (n 7, depth 24000)
23:59 arm mirai-ramrule (): health=1; kv     tiered: cells 0..57600 in VRAM, 57600..262144 in system RAM (VRAM margin 800 MiB) ckpt   also every 8192 tokens inside long messages (MIRAI_CKPT_EVERY=0 turns it off) 
{"tag": "mirai-ramrule", "i": 0, "t0": "23:59:13", "status": 200, "prompt_n": 26625, "predicted_n": 848, "finish": "stop", "wall_s": 36.7}
{"tag": "mirai-ramrule", "i": 1, "t0": "23:59:50", "status": 200, "prompt_n": 26568, "predicted_n": 803, "finish": "stop", "wall_s": 36.2}
{"tag": "mirai-ramrule", "i": 2, "t0": "00:00:26", "status": 200, "prompt_n": 26514, "predicted_n": 753, "finish": "stop", "wall_s": 35.5}
{"tag": "mirai-ramrule", "i": 3, "t0": "00:01:01", "status": 200, "prompt_n": 26504, "predicted_n": 771, "finish": "stop", "wall_s": 35.9}
{"tag": "mirai-ramrule", "i": 4, "t0": "00:01:37", "status": 200, "prompt_n": 26504, "predicted_n": 939, "finish": "stop", "wall_s": 38.1}
{"tag": "mirai-ramrule", "i": 5, "t0": "00:02:15", "status": 200, "prompt_n": 26504, "predicted_n": 870, "finish": "stop", "wall_s": 38.6}
{"tag": "mirai-ramrule", "i": 6, "t0": "00:02:54", "status": 200, "prompt_n": 26504, "predicted_n": 739, "finish": "stop", "wall_s": 35.8}
  samples 263: server private start 0 MiB, peak 17809 MiB; system commit start 15.50, peak 39.99 GiB (+24.49)
00:03 === ram_ab finished
00:05 === ram_ab (Mirai launcher RAM tiers) start (n 7, depth 24000)
00:05 arm mirai-ramtier (): health=1; kv     tiered: cells 0..57600 in VRAM, 57600..262144 in system RAM (VRAM margin 800 MiB) ckpt   also every 8192 tokens inside long messages (MIRAI_CKPT_EVERY=0 turns it off) 
{"tag": "mirai-ramtier", "i": 0, "t0": "00:05:26", "status": 200, "prompt_n": 26625, "predicted_n": 759, "finish": "stop", "wall_s": 36.3}
{"tag": "mirai-ramtier", "i": 1, "t0": "00:06:03", "status": 200, "prompt_n": 26568, "predicted_n": 740, "finish": "stop", "wall_s": 36.1}
{"tag": "mirai-ramtier", "i": 2, "t0": "00:06:39", "status": 200, "prompt_n": 26514, "predicted_n": 856, "finish": "stop", "wall_s": 37.9}
{"tag": "mirai-ramtier", "i": 3, "t0": "00:07:17", "status": 200, "prompt_n": 26504, "predicted_n": 606, "finish": "stop", "wall_s": 33.8}
{"tag": "mirai-ramtier", "i": 4, "t0": "00:07:51", "status": 200, "prompt_n": 26504, "predicted_n": 772, "finish": "stop", "wall_s": 36.6}
{"tag": "mirai-ramtier", "i": 5, "t0": "00:08:27", "status": 200, "prompt_n": 26504, "predicted_n": 907, "finish": "stop", "wall_s": 38.9}
{"tag": "mirai-ramtier", "i": 6, "t0": "00:09:06", "status": 200, "prompt_n": 26504, "predicted_n": 872, "finish": "stop", "wall_s": 37.3}
  samples 264: server private start 0 MiB, peak 17807 MiB; system commit start 15.50, peak 39.78 GiB (+24.28)
00:09 === ram_ab finished
05:03 === ram_ab (Bonsai 12 GB, 32 GB tier: cache 4096, 32 checkpoints) start (n 7, depth 24000)
05:03 arm b12-tier32 (LLAMA_ARG_CACHE_RAM=4096): health=1; kv     tiered: cells 0..128000 in VRAM, 128000..262144 in system RAM (VRAM margin 1000 MiB); shared CUDA pool on (BONSAI_SHARED_POOL=0 turns it off); packed KQ mask (240 MiB saved) ckpt   also every 8
{"tag": "b12-tier32", "i": 0, "t0": "05:03:41", "status": 200, "prompt_n": 26625, "predicted_n": 5627, "finish": "stop", "wall_s": 95.6}
{"tag": "b12-tier32", "i": 1, "t0": "05:05:16", "status": 200, "prompt_n": 26568, "predicted_n": 1637, "finish": "stop", "wall_s": 43.6}
{"tag": "b12-tier32", "i": 2, "t0": "05:06:00", "status": 200, "prompt_n": 26514, "predicted_n": 2559, "finish": "stop", "wall_s": 58.4}
{"tag": "b12-tier32", "i": 3, "t0": "05:06:58", "status": 200, "prompt_n": 26504, "predicted_n": 5161, "finish": "stop", "wall_s": 90.7}
{"tag": "b12-tier32", "i": 4, "t0": "05:08:29", "status": 200, "prompt_n": 26504, "predicted_n": 9223, "finish": "stop", "wall_s": 146.1}
{"tag": "b12-tier32", "i": 5, "t0": "05:10:55", "status": 200, "prompt_n": 26504, "predicted_n": 2413, "finish": "stop", "wall_s": 53.1}
{"tag": "b12-tier32", "i": 6, "t0": "05:11:48", "status": 200, "prompt_n": 26504, "predicted_n": 1434, "finish": "stop", "wall_s": 41.2}
  samples 523: server private start 0 MiB, peak 17534 MiB; system commit start 16.39, peak 38.38 GiB (+21.99)
05:12 === ram_ab finished
