08:03 === release smoke 0046: old = C:/Users/pwall/Projects/bonsai-2-27b-serve\bin, new = C:/Users/pwall/AppData/Local/Temp/bundle-0046
08:03 old: health=1 version: 
  old  code   sha 33cf4e00f8f31f03  tok   256    93.4 tok/s  exhausted=False
  old  prose  sha 6e202c20339818bc  tok   256    89.9 tok/s  exhausted=False
  old  think  sha f6fb82f84e485f7f  tok   110   108.4 tok/s  exhausted=False
08:03 new: health=1 version: 
  new  code   sha 33cf4e00f8f31f03  tok   256    93.2 tok/s  exhausted=False
  new  prose  sha 6e202c20339818bc  tok   256    89.8 tok/s  exhausted=False
  new  think  sha f6fb82f84e485f7f  tok   110   108.9 tok/s  exhausted=False
08:03 budget report probe (new):
1. budget 64, non-streaming        finish=stop    completion=1266 reasoning_n=71 exhausted=True usage.reasoning_tokens=71
1b. budget 64, streaming           finish=stop    completion=1389 reasoning_n=71 exhausted=True usage.reasoning_tokens=71
2. easy, server budget             finish=stop    completion=29 reasoning_n=27 exhausted=False usage.reasoning_tokens=27
3. budget 40960, no max_tokens     finish=stop    completion=31 reasoning_n=29 exhausted=False usage.reasoning_tokens=29
PASS
  code   identical: True
  prose  identical: True
  think  identical: True
GREEDY IDENTICAL
08:04 === done
