20:21 === release smoke pr13: old = C:/Users/pwall/Projects/bonsai-2-27b-serve\bin, new = C:/Users/pwall/AppData/Local/Temp/root-0049
20:22 old: health=1 version: 
  old  code   sha 33cf4e00f8f31f03  tok   256    91.9 tok/s  exhausted=False
  old  prose  sha 6e202c20339818bc  tok   256    89.5 tok/s  exhausted=False
  old  think  sha f6fb82f84e485f7f  tok   110   106.3 tok/s  exhausted=False
20:22 === release smoke pr13: old = C:/Users/pwall/Projects/bonsai-2-27b-serve\bin, new = C:/Users/pwall/AppData/Local/Temp/root-0049
20:22 old: health=1 version: 
  old  code   sha 33cf4e00f8f31f03  tok   256    91.6 tok/s  exhausted=False
  old  prose  sha 6e202c20339818bc  tok   256    89.6 tok/s  exhausted=False
  old  think  sha f6fb82f84e485f7f  tok   110   108.3 tok/s  exhausted=False
20:23 new: health=1 version: 
  new  code   sha 33cf4e00f8f31f03  tok   256    92.7 tok/s  exhausted=False
  new  prose  sha 6e202c20339818bc  tok   256    89.2 tok/s  exhausted=False
  new  think  sha f6fb82f84e485f7f  tok   110   107.0 tok/s  exhausted=False
20:23 budget report probe (new):
1. budget 64, non-streaming        finish=stop    completion=5481 reasoning_n=71 exhausted=True usage.reasoning_tokens=71
1b. budget 64, streaming           finish=stop    completion=11499 reasoning_n=71 exhausted=True usage.reasoning_tokens=71
2. easy, server budget             finish=stop    completion=42 reasoning_n=40 exhausted=False usage.reasoning_tokens=40
3. budget 40960, no max_tokens     finish=stop    completion=35 reasoning_n=33 exhausted=False usage.reasoning_tokens=33
PASS
  code   identical: True
  prose  identical: True
  think  identical: True
GREEDY IDENTICAL
20:26 === done
