20:44 === release smoke 0038: old = C:/Users/pwall/Projects/bonsai-2-27b-serve\bin, new = C:\Users\pwall\AppData\Local\Temp\bundle-0038
20:45 old: health=1 version: 
  old  code   sha 33cf4e00f8f31f03  tok   256    92.0 tok/s  exhausted=False
  old  prose  sha 6e202c20339818bc  tok   256    88.6 tok/s  exhausted=False
  old  think  sha f6fb82f84e485f7f  tok   110   106.6 tok/s  exhausted=False
20:45 new: health=1 version: 
  new  code   sha 33cf4e00f8f31f03  tok   256    92.1 tok/s  exhausted=False
  new  prose  sha 6e202c20339818bc  tok   256    88.5 tok/s  exhausted=False
  new  think  sha f6fb82f84e485f7f  tok   110   106.9 tok/s  exhausted=False
20:45 budget report probe (new):
1. budget 64, non-streaming        finish=stop    completion=13809 reasoning_n=71 exhausted=True usage.reasoning_tokens=71
1b. budget 64, streaming           finish=stop    completion=2084 reasoning_n=71 exhausted=True usage.reasoning_tokens=71
2. easy, server budget             finish=stop    completion=31 reasoning_n=29 exhausted=False usage.reasoning_tokens=29
3. budget 40960, no max_tokens     finish=stop    completion=32 reasoning_n=30 exhausted=False usage.reasoning_tokens=30
PASS
  code   identical: True
  prose  identical: True
  think  identical: True
GREEDY IDENTICAL
20:48 === done
