22:08 === release smoke 0045: old = C:/Users/pwall/Projects/bonsai-2-27b-serve\bin, new = C:/Users/pwall/AppData/Local/Temp/bundle-0045
22:08 old: health=1 version: 
  old  code   sha 33cf4e00f8f31f03  tok   256    90.6 tok/s  exhausted=False
  old  prose  sha 6e202c20339818bc  tok   256    88.8 tok/s  exhausted=False
  old  think  sha f6fb82f84e485f7f  tok   110   107.4 tok/s  exhausted=False
22:08 new: health=1 version: 
  new  code   sha 33cf4e00f8f31f03  tok   256    91.7 tok/s  exhausted=False
  new  prose  sha 6e202c20339818bc  tok   256    88.2 tok/s  exhausted=False
  new  think  sha f6fb82f84e485f7f  tok   110   106.5 tok/s  exhausted=False
22:08 budget report probe (new):
1. budget 64, non-streaming        finish=stop    completion=1140 reasoning_n=71 exhausted=True usage.reasoning_tokens=71
1b. budget 64, streaming           finish=stop    completion=1608 reasoning_n=71 exhausted=True usage.reasoning_tokens=71
2. easy, server budget             finish=stop    completion=34 reasoning_n=32 exhausted=False usage.reasoning_tokens=32
3. budget 40960, no max_tokens     finish=stop    completion=30 reasoning_n=28 exhausted=False usage.reasoning_tokens=28
PASS
  code   identical: True
  prose  identical: True
  think  identical: True
GREEDY IDENTICAL
22:09 === done
