{"kind": "knapsack", "seed": 91, "arm": "NT", "truth": 187, "answer": 187, "correct": true, "tokens": 20689, "responses": 1, "execs": 0, "wall_s": 229.4}
{"kind": "knapsack", "seed": 91, "arm": "CT", "truth": 187, "answer": 187, "correct": true, "tokens": 1748, "responses": 3, "execs": 2, "wall_s": 19.7}
{"kind": "digits", "seed": 91, "arm": "CT", "truth": 25525, "answer": null, "correct": false, "tokens": 4575, "responses": 8, "execs": 8, "wall_s": 64.4}
{"kind": "digits", "seed": 91, "arm": "NT", "truth": 25525, "answer": 2848, "correct": false, "tokens": 21557, "responses": 1, "execs": 0, "wall_s": 254.8}
{"kind": "knapsack", "seed": 92, "arm": "CT", "truth": 190, "answer": 190, "correct": true, "tokens": 1838, "responses": 2, "execs": 1, "wall_s": 20.6}
{"kind": "knapsack", "seed": 92, "arm": "NT", "truth": 190, "answer": 186, "correct": false, "tokens": 20506, "responses": 1, "execs": 0, "wall_s": 218.4}
{"kind": "digits", "seed": 92, "arm": "NT", "truth": 34629, "answer": 34629, "correct": true, "tokens": 21243, "responses": 1, "execs": 0, "wall_s": 253.1}
{"kind": "digits", "seed": 92, "arm": "CT", "truth": 34629, "answer": 34629, "correct": true, "tokens": 1024, "responses": 3, "execs": 2, "wall_s": 13.7}
{"kind": "knapsack", "seed": 93, "arm": "NT", "truth": 228, "answer": 228, "correct": true, "tokens": 21092, "responses": 1, "execs": 0, "wall_s": 273.1}
{"kind": "knapsack", "seed": 93, "arm": "CT", "truth": 228, "answer": 228, "correct": true, "tokens": 1626, "responses": 2, "execs": 1, "wall_s": 17.5}
{"kind": "digits", "seed": 93, "arm": "CT", "truth": 38549, "answer": 38549, "correct": true, "tokens": 3561, "responses": 5, "execs": 4, "wall_s": 51.6}
{"kind": "digits", "seed": 93, "arm": "NT", "truth": 38549, "answer": 7142, "correct": false, "tokens": 20496, "responses": 1, "execs": 0, "wall_s": 234.0}
{"kind": "knapsack", "seed": 94, "arm": "CT", "truth": 227, "answer": 227, "correct": true, "tokens": 1904, "responses": 3, "execs": 2, "wall_s": 21.0}
{"kind": "knapsack", "seed": 94, "arm": "NT", "truth": 227, "answer": 227, "correct": true, "tokens": 15994, "responses": 1, "execs": 0, "wall_s": 199.7}
{"kind": "digits", "seed": 94, "arm": "NT", "truth": 63047, "answer": 7930, "correct": false, "tokens": 20496, "responses": 1, "execs": 0, "wall_s": 250.4}
{"kind": "digits", "seed": 94, "arm": "CT", "truth": 63047, "answer": 63047, "correct": true, "tokens": 1075, "responses": 3, "execs": 2, "wall_s": 17.7}
{"kind": "knapsack", "seed": 95, "arm": "NT", "truth": 195, "answer": 204, "correct": false, "tokens": 6660, "responses": 1, "execs": 0, "wall_s": 68.5}
{"kind": "knapsack", "seed": 95, "arm": "CT", "truth": 195, "answer": 195, "correct": true, "tokens": 1282, "responses": 3, "execs": 2, "wall_s": 14.3}
{"kind": "digits", "seed": 95, "arm": "CT", "truth": 64347, "answer": 64347, "correct": true, "tokens": 3074, "responses": 5, "execs": 4, "wall_s": 44.3}
{"kind": "digits", "seed": 95, "arm": "NT", "truth": 64347, "answer": 72690, "correct": false, "tokens": 21435, "responses": 1, "execs": 0, "wall_s": 246.3}
{"kind": "knapsack", "seed": 96, "arm": "CT", "truth": 224, "answer": 224, "correct": true, "tokens": 1466, "responses": 2, "execs": 1, "wall_s": 15.8}
{"kind": "knapsack", "seed": 96, "arm": "NT", "truth": 224, "answer": 224, "correct": true, "tokens": 20716, "responses": 1, "execs": 0, "wall_s": 220.6}
{"kind": "digits", "seed": 96, "arm": "NT", "truth": 83308, "answer": 17840, "correct": false, "tokens": 20497, "responses": 1, "execs": 0, "wall_s": 237.9}
{"kind": "digits", "seed": 96, "arm": "CT", "truth": 83308, "answer": null, "correct": false, "tokens": 5774, "responses": 8, "execs": 8, "wall_s": 80.0}
