{"kind": "lcs", "seed": 31, "arm": "NT", "truth": 15031, "answer": 13007, "correct": false, "tokens": 20879, "responses": 1, "execs": 0, "wall_s": 228.6}
{"kind": "lcs", "seed": 31, "arm": "CT", "truth": 15031, "answer": 15031, "correct": true, "tokens": 10301, "responses": 7, "execs": 6, "wall_s": 131.9}
{"kind": "subsets", "seed": 31, "arm": "CT", "truth": 24, "answer": 24, "correct": true, "tokens": 17525, "responses": 3, "execs": 2, "wall_s": 200.3}
{"kind": "subsets", "seed": 31, "arm": "NT", "truth": 24, "answer": 24, "correct": true, "tokens": 20494, "responses": 1, "execs": 0, "wall_s": 228.7}
{"kind": "lcs", "seed": 32, "arm": "CT", "truth": 14005, "answer": null, "correct": false, "tokens": 13557, "responses": 8, "execs": 8, "wall_s": 173.4}
{"kind": "lcs", "seed": 32, "arm": "NT", "truth": 14005, "answer": 13028, "correct": false, "tokens": 21085, "responses": 1, "execs": 0, "wall_s": 249.4}
{"kind": "subsets", "seed": 32, "arm": "NT", "truth": 23, "answer": 23, "correct": true, "tokens": 20494, "responses": 1, "execs": 0, "wall_s": 220.2}
{"kind": "subsets", "seed": 32, "arm": "CT", "truth": 23, "answer": 23, "correct": true, "tokens": 2323, "responses": 3, "execs": 2, "wall_s": 24.3}
{"kind": "lcs", "seed": 33, "arm": "NT", "truth": 17006, "answer": 10008, "correct": false, "tokens": 20497, "responses": 1, "execs": 0, "wall_s": 223.3}
{"kind": "lcs", "seed": 33, "arm": "CT", "truth": 17006, "answer": 17006, "correct": true, "tokens": 3504, "responses": 5, "execs": 4, "wall_s": 41.5}
{"kind": "subsets", "seed": 33, "arm": "CT", "truth": 19, "answer": 19, "correct": true, "tokens": 5821, "responses": 3, "execs": 2, "wall_s": 63.5}
{"kind": "subsets", "seed": 33, "arm": "NT", "truth": 19, "answer": 19, "correct": true, "tokens": 21400, "responses": 1, "execs": 0, "wall_s": 238.1}
{"kind": "lcs", "seed": 34, "arm": "CT", "truth": 13027, "answer": 13027, "correct": true, "tokens": 11391, "responses": 7, "execs": 6, "wall_s": 146.9}
{"kind": "lcs", "seed": 34, "arm": "NT", "truth": 13027, "answer": 1006, "correct": false, "tokens": 20496, "responses": 1, "execs": 0, "wall_s": 227.4}
{"kind": "subsets", "seed": 34, "arm": "NT", "truth": 25, "answer": 25, "correct": true, "tokens": 21447, "responses": 1, "execs": 0, "wall_s": 241.7}
{"kind": "subsets", "seed": 34, "arm": "CT", "truth": 25, "answer": 25, "correct": true, "tokens": 3100, "responses": 3, "execs": 2, "wall_s": 32.9}
{"kind": "lcs", "seed": 35, "arm": "NT", "truth": 11011, "answer": 11001, "correct": false, "tokens": 20497, "responses": 1, "execs": 0, "wall_s": 241.0}
{"kind": "lcs", "seed": 35, "arm": "CT", "truth": 11011, "answer": 11011, "correct": true, "tokens": 27200, "responses": 6, "execs": 5, "wall_s": 373.3}
{"kind": "subsets", "seed": 35, "arm": "CT", "truth": 21, "answer": 21, "correct": true, "tokens": 1473, "responses": 4, "execs": 3, "wall_s": 17.1}
{"kind": "subsets", "seed": 35, "arm": "NT", "truth": 21, "answer": 21, "correct": true, "tokens": 21696, "responses": 1, "execs": 0, "wall_s": 247.6}
{"kind": "lcs", "seed": 36, "arm": "CT", "truth": 14010, "answer": 14010, "correct": true, "tokens": 19930, "responses": 8, "execs": 7, "wall_s": 269.1}
{"kind": "lcs", "seed": 36, "arm": "NT", "truth": 14010, "answer": 12393, "correct": false, "tokens": 20497, "responses": 1, "execs": 0, "wall_s": 247.4}
{"kind": "subsets", "seed": 36, "arm": "NT", "truth": 20, "answer": 20, "correct": true, "tokens": 21050, "responses": 1, "execs": 0, "wall_s": 233.8}
{"kind": "subsets", "seed": 36, "arm": "CT", "truth": 20, "answer": 20, "correct": true, "tokens": 9437, "responses": 2, "execs": 1, "wall_s": 100.0}
