{"kind": "knapsack", "seed": 71, "arm": "H20", "truth": 234, "answer": 234, "correct": true, "forced": true, "think_tokens": 20480, "total_tokens": 20716, "wall_s": 222.3}
{"kind": "knapsack", "seed": 71, "arm": "H24", "truth": 234, "answer": 234, "correct": true, "forced": true, "think_tokens": 24576, "total_tokens": 24584, "wall_s": 247.7}
{"kind": "knapsack", "seed": 71, "arm": "S20", "truth": 234, "answer": 234, "correct": true, "forced": false, "think_tokens": 20485, "total_tokens": 20774, "wall_s": 209.5}
{"kind": "digits", "seed": 71, "arm": "H24", "truth": 84783, "answer": 221757, "correct": false, "forced": true, "think_tokens": 24576, "total_tokens": 24587, "wall_s": 261.9}
{"kind": "digits", "seed": 71, "arm": "S20", "truth": 84783, "answer": 207239, "correct": false, "forced": false, "think_tokens": 20502, "total_tokens": 20513, "wall_s": 223.6}
{"kind": "digits", "seed": 71, "arm": "H20", "truth": 84783, "answer": 200423, "correct": false, "forced": true, "think_tokens": 20480, "total_tokens": 20491, "wall_s": 222.8}
{"kind": "knapsack", "seed": 72, "arm": "S20", "truth": 202, "answer": 202, "correct": true, "forced": true, "think_tokens": 24620, "total_tokens": 24840, "wall_s": 275.4}
{"kind": "knapsack", "seed": 72, "arm": "H20", "truth": 202, "answer": 202, "correct": true, "forced": true, "think_tokens": 20480, "total_tokens": 20488, "wall_s": 226.5}
{"kind": "knapsack", "seed": 72, "arm": "H24", "truth": 202, "answer": 202, "correct": true, "forced": true, "think_tokens": 24576, "total_tokens": 24584, "wall_s": 260.7}
{"kind": "digits", "seed": 72, "arm": "H20", "truth": 177483, "answer": 177483, "correct": true, "forced": true, "think_tokens": 20480, "total_tokens": 21081, "wall_s": 250.0}
{"kind": "digits", "seed": 72, "arm": "H24", "truth": 177483, "answer": 177483, "correct": true, "forced": true, "think_tokens": 24576, "total_tokens": 25910, "wall_s": 303.5}
{"kind": "digits", "seed": 72, "arm": "S20", "truth": 177483, "answer": 177483, "correct": true, "forced": false, "think_tokens": 20482, "total_tokens": 20493, "wall_s": 243.0}
{"kind": "knapsack", "seed": 73, "arm": "H24", "truth": 200, "answer": 200, "correct": true, "forced": false, "think_tokens": 15419, "total_tokens": 16042, "wall_s": 196.2}
{"kind": "knapsack", "seed": 73, "arm": "S20", "truth": 200, "answer": 200, "correct": true, "forced": false, "think_tokens": 15419, "total_tokens": 16042, "wall_s": 195.7}
{"kind": "knapsack", "seed": 73, "arm": "H20", "truth": 200, "answer": 200, "correct": true, "forced": false, "think_tokens": 15419, "total_tokens": 16042, "wall_s": 195.4}
{"kind": "digits", "seed": 73, "arm": "S20", "truth": 82127, "answer": 84056, "correct": false, "forced": false, "think_tokens": 20493, "total_tokens": 21339, "wall_s": 249.5}
{"kind": "digits", "seed": 73, "arm": "H20", "truth": 82127, "answer": 82127, "correct": true, "forced": true, "think_tokens": 20480, "total_tokens": 21498, "wall_s": 249.1}
{"kind": "digits", "seed": 73, "arm": "H24", "truth": 82127, "answer": 82127, "correct": true, "forced": true, "think_tokens": 24576, "total_tokens": 25379, "wall_s": 294.0}
{"kind": "knapsack", "seed": 74, "arm": "H20", "truth": 180, "answer": 180, "correct": true, "forced": true, "think_tokens": 20480, "total_tokens": 20638, "wall_s": 225.3}
{"kind": "knapsack", "seed": 74, "arm": "H24", "truth": 180, "answer": 180, "correct": true, "forced": true, "think_tokens": 24576, "total_tokens": 24993, "wall_s": 274.1}
{"kind": "knapsack", "seed": 74, "arm": "S20", "truth": 180, "answer": 180, "correct": true, "forced": false, "think_tokens": 20495, "total_tokens": 20684, "wall_s": 225.5}
{"kind": "digits", "seed": 74, "arm": "H24", "truth": 129491, "answer": 129682, "correct": false, "forced": true, "think_tokens": 24576, "total_tokens": 24587, "wall_s": 284.5}
{"kind": "digits", "seed": 74, "arm": "S20", "truth": 129491, "answer": 129682, "correct": false, "forced": false, "think_tokens": 20653, "total_tokens": 20664, "wall_s": 234.3}
{"kind": "digits", "seed": 74, "arm": "H20", "truth": 129491, "answer": 119314, "correct": false, "forced": true, "think_tokens": 20480, "total_tokens": 20491, "wall_s": 224.3}
{"kind": "knapsack", "seed": 75, "arm": "S20", "truth": 205, "answer": 205, "correct": true, "forced": false, "think_tokens": 19555, "total_tokens": 20424, "wall_s": 244.9}
{"kind": "knapsack", "seed": 75, "arm": "H20", "truth": 205, "answer": 205, "correct": true, "forced": false, "think_tokens": 19555, "total_tokens": 20424, "wall_s": 244.7}
{"kind": "knapsack", "seed": 75, "arm": "H24", "truth": 205, "answer": 205, "correct": true, "forced": false, "think_tokens": 19555, "total_tokens": 20424, "wall_s": 244.1}
{"kind": "digits", "seed": 75, "arm": "H20", "truth": 47237, "answer": 45126, "correct": false, "forced": true, "think_tokens": 20480, "total_tokens": 22383, "wall_s": 253.9}
{"kind": "digits", "seed": 75, "arm": "H24", "truth": 47237, "answer": 47229, "correct": false, "forced": true, "think_tokens": 24576, "total_tokens": 25595, "wall_s": 289.1}
{"kind": "digits", "seed": 75, "arm": "S20", "truth": 47237, "answer": 38018, "correct": false, "forced": false, "think_tokens": 20495, "total_tokens": 21365, "wall_s": 248.1}
{"kind": "knapsack", "seed": 76, "arm": "H24", "truth": 179, "answer": 179, "correct": true, "forced": true, "think_tokens": 24576, "total_tokens": 24930, "wall_s": 278.0}
{"kind": "knapsack", "seed": 76, "arm": "S20", "truth": 179, "answer": 179, "correct": true, "forced": false, "think_tokens": 20489, "total_tokens": 20687, "wall_s": 222.6}
{"kind": "knapsack", "seed": 76, "arm": "H20", "truth": 179, "answer": 179, "correct": true, "forced": true, "think_tokens": 20480, "total_tokens": 20693, "wall_s": 217.1}
{"kind": "digits", "seed": 76, "arm": "S20", "truth": 177483, "answer": 212904, "correct": false, "forced": false, "think_tokens": 20490, "total_tokens": 20501, "wall_s": 244.9}
{"kind": "digits", "seed": 76, "arm": "H20", "truth": 177483, "answer": 212904, "correct": false, "forced": true, "think_tokens": 20480, "total_tokens": 20491, "wall_s": 243.9}
{"kind": "digits", "seed": 76, "arm": "H24", "truth": 177483, "answer": 212904, "correct": false, "forced": true, "think_tokens": 24576, "total_tokens": 25339, "wall_s": 295.1}
