{"key": ["contract", "dev-bundle-01", 251, "MIRAI"], "functional": false, "full": false, "tokens": 32920, "wall_s": 877.1, "detail": ["unrecoverable_json"]}
{"key": ["contract", "dev-bundle-01", 252, "MIRAI"], "functional": true, "full": false, "tokens": 54481, "wall_s": 1443.7, "detail": []}
{"key": ["contract", "dev-bundle-01", 253, "MIRAI"], "functional": false, "full": false, "tokens": 8436, "wall_s": 224.1, "detail": ["invalid_tar"]}
{"key": ["contract", "dev-bundle-01", 254, "MIRAI"], "functional": false, "full": false, "tokens": 12293, "wall_s": 326.4, "detail": ["invalid_gzip"]}
{"key": ["contract", "xfer-zip-01", 251, "MIRAI"], "functional": true, "full": true, "tokens": 13929, "wall_s": 370.3, "detail": []}
{"key": ["contract", "xfer-zip-01", 252, "MIRAI"], "functional": true, "full": false, "tokens": 8572, "wall_s": 228.7, "detail": []}
{"key": ["contract", "xfer-zip-01", 253, "MIRAI"], "functional": false, "full": false, "tokens": 6417, "wall_s": 168.5, "detail": ["hidden1:timestamp"]}
{"key": ["contract", "xfer-zip-01", 254, "MIRAI"], "functional": true, "full": false, "tokens": 11011, "wall_s": 291.7, "detail": []}
{"key": ["single", "knapsack", 701, "MIRAI"], "functional": true, "full": true, "tokens": 29268, "wall_s": 768.4, "detail": "ok"}
{"key": ["single", "knapsack", 702, "MIRAI"], "functional": true, "full": true, "tokens": 7298, "wall_s": 185.2, "detail": "ok"}
{"key": ["single", "knapsack", 703, "MIRAI"], "functional": false, "full": false, "tokens": 32768, "wall_s": 862.5, "detail": "ok"}
{"key": ["single", "digits", 701, "MIRAI"], "functional": false, "full": false, "tokens": 32768, "wall_s": 863.2, "detail": "ok"}
{"key": ["single", "digits", 702, "MIRAI"], "functional": false, "full": false, "tokens": 3500, "wall_s": 89.0, "detail": "ok"}
{"key": ["single", "digits", 703, "MIRAI"], "functional": false, "full": false, "tokens": 32768, "wall_s": 863.0, "detail": "ok"}
{"key": ["single", "sales", 701, "MIRAI"], "functional": true, "full": true, "tokens": 4888, "wall_s": 129.9, "detail": "ok"}
{"key": ["single", "sales", 702, "MIRAI"], "functional": true, "full": true, "tokens": 9507, "wall_s": 252.2, "detail": "ok"}
{"key": ["single", "sales", 703, "MIRAI"], "functional": true, "full": true, "tokens": 12256, "wall_s": 323.1, "detail": "ok"}
{"key": ["single", "weblog", 701, "MIRAI"], "functional": false, "full": false, "tokens": 10002, "wall_s": 277.7, "detail": "ok"}
{"key": ["single", "weblog", 702, "MIRAI"], "functional": true, "full": true, "tokens": 2429, "wall_s": 74.0, "detail": "ok"}
{"key": ["single", "weblog", 703, "MIRAI"], "functional": true, "full": true, "tokens": 10512, "wall_s": 284.6, "detail": "ok"}
