{"key": ["contract", "dev-bundle-01", 151, "RAW"], "functional": false, "full": false, "tokens": 38221, "wall_s": 471.5, "detail": ["unrecoverable_json"]}
{"key": ["contract", "dev-bundle-01", 151, "PROD"], "functional": true, "full": false, "tokens": 43992, "wall_s": 545.1, "detail": []}
{"key": ["contract", "dev-bundle-01", 152, "PROD"], "functional": false, "full": false, "tokens": 18522, "wall_s": 231.7, "detail": ["member_mismatch"]}
{"key": ["contract", "dev-bundle-01", 152, "RAW"], "functional": false, "full": false, "tokens": 30475, "wall_s": 342.5, "detail": ["unrecoverable_json"]}
{"key": ["contract", "dev-bundle-01", 153, "RAW"], "functional": false, "full": false, "tokens": 32581, "wall_s": 364.5, "detail": ["member_mismatch"]}
{"key": ["contract", "dev-bundle-01", 153, "PROD"], "functional": true, "full": false, "tokens": 26819, "wall_s": 329.8, "detail": []}
{"key": ["contract", "dev-bundle-01", 154, "PROD"], "functional": false, "full": false, "tokens": 23308, "wall_s": 303.3, "detail": ["invalid_or_oversize_base64"]}
{"key": ["contract", "dev-bundle-01", 154, "RAW"], "functional": false, "full": false, "tokens": 37987, "wall_s": 443.8, "detail": ["invalid_tar"]}
{"key": ["contract", "dev-bundle-02", 151, "RAW"], "functional": false, "full": false, "tokens": 38221, "wall_s": 469.6, "detail": ["unrecoverable_json"]}
{"key": ["contract", "dev-bundle-02", 151, "PROD"], "functional": true, "full": false, "tokens": 43992, "wall_s": 549.4, "detail": []}
{"key": ["contract", "dev-bundle-02", 152, "PROD"], "functional": false, "full": false, "tokens": 18522, "wall_s": 230.8, "detail": ["member_mismatch"]}
{"key": ["contract", "dev-bundle-02", 152, "RAW"], "functional": false, "full": false, "tokens": 30475, "wall_s": 342.1, "detail": ["invalid_or_oversize_base64"]}
{"key": ["contract", "dev-bundle-02", 153, "RAW"], "functional": false, "full": false, "tokens": 32581, "wall_s": 364.3, "detail": ["member_mismatch"]}
{"key": ["contract", "dev-bundle-02", 153, "PROD"], "functional": true, "full": false, "tokens": 26819, "wall_s": 328.3, "detail": []}
{"key": ["contract", "dev-bundle-02", 154, "PROD"], "functional": false, "full": false, "tokens": 23308, "wall_s": 302.2, "detail": ["invalid_or_oversize_base64"]}
{"key": ["contract", "dev-bundle-02", 154, "RAW"], "functional": false, "full": false, "tokens": 37987, "wall_s": 442.8, "detail": ["invalid_tar"]}
{"key": ["single", "knapsack", 501, "RAW"], "functional": true, "full": true, "tokens": 9296, "wall_s": 94.9, "detail": "ok"}
{"key": ["single", "knapsack", 501, "PROD"], "functional": true, "full": true, "tokens": 2414, "wall_s": 26.1, "detail": "ok"}
{"key": ["single", "knapsack", 502, "PROD"], "functional": true, "full": true, "tokens": 1969, "wall_s": 22.4, "detail": "ok"}
{"key": ["single", "knapsack", 502, "RAW"], "functional": true, "full": true, "tokens": 20711, "wall_s": 236.4, "detail": "ok"}
{"key": ["single", "knapsack", 503, "RAW"], "functional": true, "full": true, "tokens": 20731, "wall_s": 225.3, "detail": "ok"}
{"key": ["single", "knapsack", 503, "PROD"], "functional": true, "full": true, "tokens": 1277, "wall_s": 14.4, "detail": "ok"}
{"key": ["single", "digits", 501, "PROD"], "functional": true, "full": true, "tokens": 24948, "wall_s": 336.1, "detail": "ok"}
{"key": ["single", "digits", 501, "RAW"], "functional": false, "full": false, "tokens": 21496, "wall_s": 248.0, "detail": "ok"}
{"key": ["single", "digits", 502, "RAW"], "functional": true, "full": true, "tokens": 21706, "wall_s": 257.1, "detail": "ok"}
{"key": ["single", "digits", 502, "PROD"], "functional": true, "full": true, "tokens": 1655, "wall_s": 29.4, "detail": "ok"}
{"key": ["single", "digits", 503, "PROD"], "functional": true, "full": true, "tokens": 3201, "wall_s": 43.9, "detail": "ok"}
{"key": ["single", "digits", 503, "RAW"], "functional": true, "full": true, "tokens": 21492, "wall_s": 268.0, "detail": "ok"}
{"key": ["single", "sales", 501, "RAW"], "functional": true, "full": true, "tokens": 6255, "wall_s": 63.5, "detail": "ok"}
{"key": ["single", "sales", 501, "PROD"], "functional": true, "full": true, "tokens": 8195, "wall_s": 82.7, "detail": "ok"}
{"key": ["single", "sales", 502, "PROD"], "functional": true, "full": true, "tokens": 7490, "wall_s": 76.7, "detail": "ok"}
{"key": ["single", "sales", 502, "RAW"], "functional": true, "full": true, "tokens": 20634, "wall_s": 214.7, "detail": "ok"}
{"key": ["single", "sales", 503, "RAW"], "functional": false, "full": false, "tokens": 3368, "wall_s": 36.0, "detail": "ok"}
{"key": ["single", "sales", 503, "PROD"], "functional": true, "full": true, "tokens": 6558, "wall_s": 66.6, "detail": "ok"}
{"key": ["single", "weblog", 501, "PROD"], "functional": true, "full": true, "tokens": 27598, "wall_s": 283.2, "detail": "ok"}
{"key": ["single", "weblog", 501, "RAW"], "functional": true, "full": true, "tokens": 6990, "wall_s": 77.5, "detail": "ok"}
{"key": ["single", "weblog", 502, "RAW"], "functional": true, "full": true, "tokens": 8838, "wall_s": 95.9, "detail": "ok"}
{"key": ["single", "weblog", 502, "PROD"], "functional": true, "full": true, "tokens": 28745, "wall_s": 296.8, "detail": "ok"}
{"key": ["single", "weblog", 503, "PROD"], "functional": true, "full": true, "tokens": 13064, "wall_s": 137.1, "detail": "ok"}
{"key": ["single", "weblog", 503, "RAW"], "functional": true, "full": true, "tokens": 14039, "wall_s": 148.4, "detail": "ok"}
{"key": ["contract", "dev-checklist-01", 151, "RAW"], "functional": true, "full": false, "tokens": 45159, "wall_s": 538.5, "detail": []}
{"key": ["contract", "dev-checklist-01", 151, "PROD"], "functional": true, "full": true, "tokens": 37608, "wall_s": 463.7, "detail": []}
{"key": ["contract", "dev-checklist-01", 152, "PROD"], "functional": true, "full": false, "tokens": 13159, "wall_s": 154.6, "detail": []}
{"key": ["contract", "dev-checklist-01", 152, "RAW"], "functional": true, "full": true, "tokens": 11669, "wall_s": 136.2, "detail": []}
{"key": ["contract", "dev-checklist-01", 153, "RAW"], "functional": true, "full": false, "tokens": 30389, "wall_s": 348.5, "detail": []}
{"key": ["contract", "dev-checklist-01", 153, "PROD"], "functional": true, "full": true, "tokens": 36519, "wall_s": 423.8, "detail": []}
{"key": ["contract", "dev-batch-01", 151, "PROD"], "functional": true, "full": false, "tokens": 7388, "wall_s": 89.8, "detail": ["batch_process_violation"]}
{"key": ["contract", "dev-batch-01", 151, "RAW"], "functional": false, "full": false, "tokens": 869, "wall_s": 11.9, "detail": ["unrecoverable_json"]}
{"key": ["contract", "dev-batch-01", 152, "RAW"], "functional": true, "full": true, "tokens": 841, "wall_s": 8.9, "detail": []}
{"key": ["contract", "dev-batch-01", 152, "PROD"], "functional": false, "full": false, "tokens": 8569, "wall_s": 101.7, "detail": ["unrecoverable_json"]}
{"key": ["contract", "dev-batch-02", 151, "PROD"], "functional": true, "full": false, "tokens": 3083, "wall_s": 38.0, "detail": ["batch_process_violation"]}
{"key": ["contract", "dev-batch-02", 151, "RAW"], "functional": false, "full": false, "tokens": 1695, "wall_s": 20.7, "detail": ["unrecoverable_json"]}
{"key": ["contract", "dev-batch-02", 152, "RAW"], "functional": false, "full": false, "tokens": 7834, "wall_s": 91.5, "detail": ["unrecoverable_json"]}
{"key": ["contract", "dev-batch-02", 152, "PROD"], "functional": true, "full": false, "tokens": 4993, "wall_s": 62.0, "detail": ["batch_process_violation"]}
{"key": ["workspace", "invoiceH", 301, "PROD"], "functional": true, "full": true, "tokens": 3913, "wall_s": 47.1, "detail": "submitted"}
{"key": ["workspace", "invoiceH", 301, "RAW"], "functional": true, "full": true, "tokens": 3913, "wall_s": 47.1, "detail": "submitted"}
{"key": ["workspace", "invoiceH", 302, "RAW"], "functional": true, "full": true, "tokens": 4529, "wall_s": 52.7, "detail": "submitted"}
{"key": ["workspace", "invoiceH", 302, "PROD"], "functional": true, "full": true, "tokens": 4529, "wall_s": 53.0, "detail": "submitted"}
{"key": ["workspace", "dedupeH", 301, "PROD"], "functional": false, "full": false, "tokens": 12858, "wall_s": 132.2, "detail": "submitted"}
{"key": ["workspace", "dedupeH", 301, "RAW"], "functional": false, "full": false, "tokens": 12858, "wall_s": 130.5, "detail": "submitted"}
{"key": ["workspace", "dedupeH", 302, "RAW"], "functional": true, "full": true, "tokens": 18377, "wall_s": 190.5, "detail": "submitted"}
{"key": ["workspace", "dedupeH", 302, "PROD"], "functional": true, "full": true, "tokens": 18377, "wall_s": 188.9, "detail": "submitted"}
{"key": ["workspace", "ledgerH", 301, "PROD"], "functional": true, "full": true, "tokens": 7200, "wall_s": 78.2, "detail": "submitted"}
{"key": ["workspace", "ledgerH", 301, "RAW"], "functional": true, "full": true, "tokens": 7200, "wall_s": 78.5, "detail": "submitted"}
{"key": ["workspace", "ledgerH", 302, "RAW"], "functional": true, "full": true, "tokens": 5925, "wall_s": 63.3, "detail": "submitted"}
{"key": ["workspace", "ledgerH", 302, "PROD"], "functional": true, "full": true, "tokens": 5925, "wall_s": 63.2, "detail": "submitted"}
{"key": ["workspace", "chain", 301, "PROD"], "functional": true, "full": true, "tokens": 913, "wall_s": 13.3, "detail": "submitted"}
{"key": ["workspace", "chain", 301, "RAW"], "functional": true, "full": true, "tokens": 913, "wall_s": 13.4, "detail": "submitted"}
{"key": ["workspace", "chain", 302, "RAW"], "functional": true, "full": true, "tokens": 751, "wall_s": 10.1, "detail": "submitted"}
{"key": ["workspace", "chain", 302, "PROD"], "functional": true, "full": true, "tokens": 751, "wall_s": 10.1, "detail": "submitted"}
{"key": ["workspace", "copy", 301, "PROD"], "functional": false, "full": false, "tokens": 3182, "wall_s": 41.3, "detail": "submitted"}
{"key": ["workspace", "copy", 301, "RAW"], "functional": false, "full": false, "tokens": 3182, "wall_s": 40.7, "detail": "submitted"}
{"key": ["workspace", "copy", 302, "RAW"], "functional": true, "full": true, "tokens": 1292, "wall_s": 17.3, "detail": "submitted"}
{"key": ["workspace", "copy", 302, "PROD"], "functional": true, "full": true, "tokens": 1292, "wall_s": 17.5, "detail": "submitted"}
