{"key": ["contract", "dev-bundle-01", 251, "RAW"], "functional": false, "full": false, "tokens": 18833, "wall_s": 207.5, "detail": ["unrecoverable_json"]}
{"key": ["contract", "dev-bundle-01", 251, "PROD"], "functional": true, "full": false, "tokens": 11352, "wall_s": 132.4, "detail": []}
{"key": ["contract", "dev-bundle-01", 252, "PROD"], "functional": true, "full": false, "tokens": 32462, "wall_s": 384.2, "detail": []}
{"key": ["contract", "dev-bundle-01", 252, "RAW"], "functional": false, "full": false, "tokens": 44589, "wall_s": 486.4, "detail": ["invalid_gzip"]}
{"key": ["contract", "dev-bundle-01", 253, "RAW"], "functional": false, "full": false, "tokens": 32136, "wall_s": 361.6, "detail": ["unrecoverable_json"]}
{"key": ["contract", "dev-bundle-01", 253, "PROD"], "functional": true, "full": false, "tokens": 30126, "wall_s": 317.5, "detail": []}
{"key": ["contract", "dev-bundle-01", 254, "PROD"], "functional": true, "full": false, "tokens": 25895, "wall_s": 290.0, "detail": []}
{"key": ["contract", "dev-bundle-01", 254, "RAW"], "functional": false, "full": false, "tokens": 28175, "wall_s": 301.0, "detail": ["invalid_tar"]}
{"key": ["contract", "xfer-zip-01", 251, "RAW"], "functional": false, "full": false, "tokens": 38300, "wall_s": 407.3, "detail": ["hidden1:unrecoverable_json", "hidden2:unrecoverable_json"]}
{"key": ["contract", "xfer-zip-01", 251, "PROD"], "functional": true, "full": false, "tokens": 29234, "wall_s": 323.8, "detail": []}
{"key": ["contract", "xfer-zip-01", 252, "PROD"], "functional": true, "full": false, "tokens": 67320, "wall_s": 779.6, "detail": []}
{"key": ["contract", "xfer-zip-01", 252, "RAW"], "functional": false, "full": false, "tokens": 45154, "wall_s": 515.9, "detail": ["hidden1:result_schema", "hidden2:unrecoverable_json"]}
{"key": ["contract", "xfer-zip-01", 253, "RAW"], "functional": false, "full": false, "tokens": 23177, "wall_s": 269.9, "detail": ["hidden1:result_schema", "hidden2:result_schema"]}
{"key": ["contract", "xfer-zip-01", 253, "PROD"], "functional": false, "full": false, "tokens": 26245, "wall_s": 321.1, "detail": ["candidate_unavailable"]}
{"key": ["contract", "xfer-zip-01", 254, "PROD"], "functional": true, "full": false, "tokens": 30411, "wall_s": 328.1, "detail": []}
{"key": ["contract", "xfer-zip-01", 254, "RAW"], "functional": false, "full": false, "tokens": 70017, "wall_s": 778.7, "detail": ["hidden1:result_schema", "hidden2:result_schema"]}
{"key": ["single", "knapsack", 701, "RAW"], "functional": true, "full": true, "tokens": 21045, "wall_s": 243.8, "detail": "ok"}
{"key": ["single", "knapsack", 701, "PROD"], "functional": true, "full": true, "tokens": 1277, "wall_s": 13.1, "detail": "ok"}
{"key": ["single", "knapsack", 702, "PROD"], "functional": true, "full": true, "tokens": 858, "wall_s": 9.1, "detail": "ok"}
{"key": ["single", "knapsack", 702, "RAW"], "functional": true, "full": true, "tokens": 10262, "wall_s": 95.7, "detail": "ok"}
{"key": ["single", "knapsack", 703, "RAW"], "functional": true, "full": true, "tokens": 20945, "wall_s": 210.3, "detail": "ok"}
{"key": ["single", "knapsack", 703, "PROD"], "functional": true, "full": true, "tokens": 2198, "wall_s": 26.6, "detail": "ok"}
{"key": ["single", "digits", 701, "PROD"], "functional": true, "full": true, "tokens": 3039, "wall_s": 36.1, "detail": "ok"}
{"key": ["single", "digits", 701, "RAW"], "functional": true, "full": true, "tokens": 22024, "wall_s": 251.9, "detail": "ok"}
{"key": ["single", "digits", 702, "RAW"], "functional": false, "full": false, "tokens": 22547, "wall_s": 259.5, "detail": "ok"}
{"key": ["single", "digits", 702, "PROD"], "functional": true, "full": true, "tokens": 33570, "wall_s": 406.8, "detail": "ok"}
{"key": ["single", "digits", 703, "PROD"], "functional": true, "full": true, "tokens": 14568, "wall_s": 181.4, "detail": "ok"}
{"key": ["single", "digits", 703, "RAW"], "functional": false, "full": false, "tokens": 23061, "wall_s": 260.3, "detail": "ok"}
{"key": ["single", "sales", 701, "RAW"], "functional": false, "full": false, "tokens": 3610, "wall_s": 37.6, "detail": "ok"}
{"key": ["single", "sales", 701, "PROD"], "functional": true, "full": true, "tokens": 6661, "wall_s": 65.0, "detail": "ok"}
{"key": ["single", "sales", 702, "PROD"], "functional": true, "full": true, "tokens": 2467, "wall_s": 31.3, "detail": "ok"}
{"key": ["single", "sales", 702, "RAW"], "functional": true, "full": true, "tokens": 7287, "wall_s": 69.5, "detail": "ok"}
{"key": ["single", "sales", 703, "RAW"], "functional": false, "full": false, "tokens": 15707, "wall_s": 144.9, "detail": "ok"}
{"key": ["single", "sales", 703, "PROD"], "functional": true, "full": true, "tokens": 2308, "wall_s": 31.2, "detail": "ok"}
{"key": ["single", "weblog", 701, "PROD"], "functional": true, "full": true, "tokens": 5027, "wall_s": 62.8, "detail": "ok"}
{"key": ["single", "weblog", 701, "RAW"], "functional": true, "full": true, "tokens": 13332, "wall_s": 132.6, "detail": "ok"}
{"key": ["single", "weblog", 702, "RAW"], "functional": true, "full": true, "tokens": 4704, "wall_s": 51.6, "detail": "ok"}
{"key": ["single", "weblog", 702, "PROD"], "functional": true, "full": true, "tokens": 22007, "wall_s": 222.2, "detail": "ok"}
{"key": ["single", "weblog", 703, "PROD"], "functional": true, "full": true, "tokens": 4543, "wall_s": 55.2, "detail": "ok"}
{"key": ["single", "weblog", 703, "RAW"], "functional": true, "full": true, "tokens": 10353, "wall_s": 101.4, "detail": "ok"}
{"key": ["contract", "dev-checklist-01", 251, "RAW"], "functional": true, "full": false, "tokens": 13715, "wall_s": 147.8, "detail": []}
{"key": ["contract", "dev-checklist-01", 251, "PROD"], "functional": true, "full": false, "tokens": 35619, "wall_s": 401.8, "detail": []}
{"key": ["contract", "dev-checklist-01", 252, "PROD"], "functional": true, "full": true, "tokens": 38953, "wall_s": 434.1, "detail": []}
{"key": ["contract", "dev-checklist-01", 252, "RAW"], "functional": true, "full": true, "tokens": 20523, "wall_s": 240.2, "detail": []}
{"key": ["contract", "dev-checklist-01", 253, "RAW"], "functional": false, "full": false, "tokens": 50112, "wall_s": 561.4, "detail": ["unrecoverable_json"]}
{"key": ["contract", "dev-checklist-01", 253, "PROD"], "functional": true, "full": true, "tokens": 23065, "wall_s": 263.4, "detail": []}
{"key": ["contract", "dev-batch-01", 251, "PROD"], "functional": true, "full": false, "tokens": 2647, "wall_s": 32.8, "detail": ["batch_process_violation"]}
{"key": ["contract", "dev-batch-01", 251, "RAW"], "functional": true, "full": false, "tokens": 2647, "wall_s": 31.8, "detail": ["batch_process_violation"]}
{"key": ["contract", "dev-batch-01", 252, "RAW"], "functional": true, "full": false, "tokens": 5137, "wall_s": 61.6, "detail": ["batch_process_violation"]}
{"key": ["contract", "dev-batch-01", 252, "PROD"], "functional": true, "full": false, "tokens": 5137, "wall_s": 60.6, "detail": ["batch_process_violation"]}
{"key": ["contract", "dev-batch-02", 251, "PROD"], "functional": false, "full": false, "tokens": 707, "wall_s": 8.1, "detail": ["unrecoverable_json"]}
{"key": ["contract", "dev-batch-02", 251, "RAW"], "functional": false, "full": false, "tokens": 707, "wall_s": 7.1, "detail": ["unrecoverable_json"]}
{"key": ["contract", "dev-batch-02", 252, "RAW"], "functional": true, "full": false, "tokens": 5140, "wall_s": 58.2, "detail": ["batch_process_violation"]}
{"key": ["contract", "dev-batch-02", 252, "PROD"], "functional": true, "full": false, "tokens": 5140, "wall_s": 59.2, "detail": ["batch_process_violation"]}
{"key": ["workspace", "invoiceH", 401, "PROD"], "functional": true, "full": true, "tokens": 3748, "wall_s": 44.3, "detail": "submitted"}
{"key": ["workspace", "invoiceH", 401, "RAW"], "functional": true, "full": true, "tokens": 3748, "wall_s": 44.1, "detail": "submitted"}
{"key": ["workspace", "invoiceH", 402, "RAW"], "functional": true, "full": true, "tokens": 8523, "wall_s": 86.3, "detail": "submitted"}
{"key": ["workspace", "invoiceH", 402, "PROD"], "functional": true, "full": true, "tokens": 8523, "wall_s": 86.6, "detail": "submitted"}
{"key": ["workspace", "dedupeH", 401, "PROD"], "functional": true, "full": true, "tokens": 11959, "wall_s": 116.4, "detail": "submitted"}
{"key": ["workspace", "dedupeH", 401, "RAW"], "functional": true, "full": true, "tokens": 11959, "wall_s": 115.3, "detail": "submitted"}
{"key": ["workspace", "dedupeH", 402, "RAW"], "functional": true, "full": true, "tokens": 18590, "wall_s": 173.6, "detail": "submitted"}
{"key": ["workspace", "dedupeH", 402, "PROD"], "functional": true, "full": true, "tokens": 18590, "wall_s": 172.7, "detail": "submitted"}
{"key": ["workspace", "ledgerH", 401, "PROD"], "functional": true, "full": true, "tokens": 5363, "wall_s": 55.3, "detail": "submitted"}
{"key": ["workspace", "ledgerH", 401, "RAW"], "functional": true, "full": true, "tokens": 5363, "wall_s": 55.3, "detail": "submitted"}
{"key": ["workspace", "ledgerH", 402, "RAW"], "functional": true, "full": true, "tokens": 18091, "wall_s": 173.3, "detail": "submitted"}
{"key": ["workspace", "ledgerH", 402, "PROD"], "functional": true, "full": true, "tokens": 18091, "wall_s": 173.9, "detail": "submitted"}
{"key": ["workspace", "chain", 401, "PROD"], "functional": true, "full": true, "tokens": 883, "wall_s": 11.5, "detail": "submitted"}
{"key": ["workspace", "chain", 401, "RAW"], "functional": true, "full": true, "tokens": 883, "wall_s": 11.7, "detail": "submitted"}
{"key": ["workspace", "chain", 402, "RAW"], "functional": true, "full": true, "tokens": 570, "wall_s": 7.6, "detail": "submitted"}
{"key": ["workspace", "chain", 402, "PROD"], "functional": true, "full": true, "tokens": 570, "wall_s": 7.6, "detail": "submitted"}
{"key": ["workspace", "copy", 401, "PROD"], "functional": false, "full": false, "tokens": 4217, "wall_s": 52.9, "detail": "submitted"}
{"key": ["workspace", "copy", 401, "RAW"], "functional": false, "full": false, "tokens": 4217, "wall_s": 53.0, "detail": "submitted"}
{"key": ["workspace", "copy", 402, "RAW"], "functional": true, "full": true, "tokens": 860, "wall_s": 11.9, "detail": "submitted"}
{"key": ["workspace", "copy", 402, "PROD"], "functional": true, "full": true, "tokens": 860, "wall_s": 12.0, "detail": "submitted"}
